2023-11-13 20:30:24,401 - INFO - popup() - PASS
2023-11-13 20:30:25,465 - INFO - click_work() - PASS
2023-11-13 20:30:29,933 - INFO - click_goodvibe_works(), change_tab() - PASS
2023-11-13 20:30:31,150 - INFO - click_apply() - PASS
2023-11-13 20:30:32,320 - INFO - input_company_name() - PASS
2023-11-13 20:30:33,394 - INFO - input_ceo_name() - PASS
2023-11-13 20:30:34,467 - INFO - select_business_type() - PASS
2023-11-13 20:30:35,532 - INFO - select_scale() - PASS
2023-11-13 20:30:36,654 - INFO - input_name() - PASS
2023-11-13 20:30:37,762 - INFO - input_email() - PASS
2023-11-13 20:30:38,844 - INFO - input_mobile() - PASS
2023-11-13 20:30:39,932 - INFO - select_responsibility() - PASS
2023-11-13 20:30:41,054 - INFO - search_responsibility() - PASS
2023-11-13 20:30:42,127 - INFO - click_registration() - PASS
2023-11-13 20:30:43,196 - INFO - click_agree_terms_of_use() - PASS
2023-11-13 20:30:44,261 - INFO - click_agree_privacy_statement() - PASS
2023-11-13 20:30:45,827 - INFO - click_unsubscribe_button() - PASS
